ASxxxx Linker V03.00 + NoICE + sdld,  page 1.
Hexadecimal  [32-Bits]

Area                                    Addr        Size        Decimal Bytes (Attributes)
--------------------------------        ----        ----        ------- ----- ------------
CABS                                00000000    00000000 =           0. bytes (ABS,CON,CODE)

      Value  Global                              Global Defined In Module
      -----  --------------------------------   ------------------------
C:   00000000  l_BIT_BANK                      
C:   00000000  l_CABS                          
C:   00000000  l_GSINIT                        
C:   00000000  l_GSINIT1                       
C:   00000000  l_GSINIT3                       
C:   00000000  l_GSINIT4                       
C:   00000000  l_GSINIT5                       
C:   00000000  l_IABS                          
C:   00000000  l_ISEG                          
C:   00000000  l_PSEG                          
C:   00000000  l_REG_BANK_1                    
C:   00000000  l_REG_BANK_2                    
C:   00000000  l_REG_BANK_3                    
C:   00000000  l_RSEG                          
C:   00000000  l_RSEG0                         
C:   00000000  l_RSEG1                         
C:   00000000  l_WTCANSLP0                     
C:   00000000  l_WTCANSLP2                     
C:   00000000  l_WTSTDBY0                      
C:   00000000  l_WTSTDBY1                      
C:   00000000  l_XABS                          
C:   00000000  l_XINIT                         
C:   00000000  l_XISEG                         
C:   00000000  l__CODE                         
C:   00000000  s_BSEG                          
C:   00000000  s_CABS                          
C:   00000000  s_DSEG                          
C:   00000000  s_IABS                          
C:   00000000  s_ISEG                          
C:   00000000  s_REG_BANK_0                    
C:   00000000  s_RSEG                          
C:   00000000  s_RSEG0                         
C:   00000000  s_RSEG1                         
C:   00000000  s_VECTOR                        
C:   00000000  s_XABS                          
C:   00000001  l_BSEG                          
C:   00000001  l_BSEG_BYTES                    
C:   00000001  l_UART0S4                       
C:   00000001  l_UART0S5                       
C:   00000001  s_PSEG                          
C:   00000001  s_XSEG                          
C:   00000002  l_UART0S1                       
C:   00000002  l_UART0S2                       
C:   00000003  l_GSFINAL                       
C:   00000003  l_VECTOR                        
C:   00000003  s_XINIT                         
C:   00000004  l_GSINIT0                       
C:   00000004  l_OSEG                          
C:   00000008  l_REG_BANK_0                    
C:   00000008  l_WTCANSLP1                     
ASxxxx Linker V03.00 + NoICE + sdld,  page 2.
Hexadecimal  [32-Bits]

Area                                    Addr        Size        Decimal Bytes (Attributes)
--------------------------------        ----        ----        ------- ----- ------------
CABS                                00000000    00000000 =           0. bytes (ABS,CON,CODE)

      Value  Global                              Global Defined In Module
      -----  --------------------------------   ------------------------
C:   00000008  s_REG_BANK_1                    
C:   0000000A  l_GSINIT2                       
C:   0000000A  l_WTSTDBY2                      
C:   00000010  s_OSEG                          
C:   00000010  s_REG_BANK_2                    
C:   00000018  s_BIT_BANK                      
C:   00000018  s_REG_BANK_3                    
C:   00000020  s_BSEG_BYTES                    
C:   00000020  s__CODE                         
C:   00000021  s_SSEG                          
C:   00000037  l_HOME                          
C:   00000054  l_UART0S3                       
C:   00000074  l_DSEG                          
C:   000000DD  l_UART0S0                       
C:   000000DF  l_SSEG                          
C:   00000100  l_IRAM                          
C:   00000188  l_XSEG                          
C:   00000189  s_XISEG                         
C:   000004AA  l_CONST                         
C:   00001158  l_CSEG                          
C:   0000E400  s_HOME                          
C:   0000E437  s_GSINIT0                       
C:   0000E43B  s_GSINIT1                       
C:   0000E43B  s_GSINIT2                       
C:   0000E445  s_GSFINAL                       
C:   0000E445  s_GSINIT                        
C:   0000E445  s_GSINIT3                       
C:   0000E445  s_GSINIT4                       
C:   0000E445  s_GSINIT5                       
C:   0000E448  s_CSEG                          
C:   0000F5A0  s_CONST                         
C:   0000FA4A  s_UART0S0                       
C:   0000FB27  s_UART0S1                       
C:   0000FB29  s_UART0S2                       
C:   0000FB2B  s_UART0S3                       
C:   0000FB7F  s_UART0S4                       
C:   0000FB80  s_UART0S5                       
C:   0000FB81  s_WTCANSLP0                     
C:   0000FB81  s_WTCANSLP1                     
C:   0000FB89  s_WTCANSLP2                     
C:   0000FB89  s_WTSTDBY0                      
C:   0000FB89  s_WTSTDBY1                      
C:   0000FB89  s_WTSTDBY2                      
ASxxxx Linker V03.00 + NoICE + sdld,  page 3.
Hexadecimal  [32-Bits]

Area                                    Addr        Size        Decimal Bytes (Attributes)
--------------------------------        ----        ----        ------- ----- ------------
.  .ABS.                            00000000    00000000 =           0. bytes (ABS,CON)

      Value  Global                              Global Defined In Module
      -----  --------------------------------   ------------------------
     00000000  .__.ABS.                           uart0txbuf
     00000080  G$PORTA$0$0                        uart0txbuf
     00000080  G$PORTA_0$0$0                      uart0txbuf
     00000080  _PORTA                             uart0txbuf
     00000080  _PORTA_0                           uart0txbuf
     00000081  G$PORTA_1$0$0                      uart0txbuf
     00000081  G$SP$0$0                           uart0txbuf
     00000081  _PORTA_1                           uart0txbuf
     00000081  _SP                                uart0txbuf
     00000082  G$DPL$0$0                          uart0txbuf
     00000082  G$PORTA_2$0$0                      uart0txbuf
     00000082  _DPL                               uart0txbuf
     00000082  _PORTA_2                           uart0txbuf
     00000083  G$DPH$0$0                          uart0txbuf
     00000083  G$PORTA_3$0$0                      uart0txbuf
     00000083  _DPH                               uart0txbuf
     00000083  _PORTA_3                           uart0txbuf
     00000084  G$DPL1$0$0                         uart0txbuf
     00000084  G$PORTA_4$0$0                      uart0txbuf
     00000084  _DPL1                              uart0txbuf
     00000084  _PORTA_4                           uart0txbuf
     00000085  G$DPH1$0$0                         uart0txbuf
     00000085  G$PORTA_5$0$0                      uart0txbuf
     00000085  _DPH1                              uart0txbuf
     00000085  _PORTA_5                           uart0txbuf
     00000086  G$DPS$0$0                          uart0txbuf
     00000086  G$PORTA_6$0$0                      uart0txbuf
     00000086  _DPS                               uart0txbuf
     00000086  _PORTA_6                           uart0txbuf
     00000087  G$PCON$0$0                         uart0txbuf
     00000087  G$PORTA_7$0$0                      uart0txbuf
     00000087  _PCON                              uart0txbuf
     00000087  _PORTA_7                           uart0txbuf
     00000088  G$PORTB$0$0                        uart0txbuf
     00000088  G$PORTB_0$0$0                      uart0txbuf
     00000088  _PORTB                             uart0txbuf
     00000088  _PORTB_0                           uart0txbuf
     00000089  G$DIRA$0$0                         uart0txbuf
     00000089  G$PORTB_1$0$0                      uart0txbuf
     00000089  _DIRA                              uart0txbuf
     00000089  _PORTB_1                           uart0txbuf
     0000008A  G$DIRB$0$0                         uart0txbuf
     0000008A  G$PORTB_2$0$0                      uart0txbuf
     0000008A  _DIRB                              uart0txbuf
     0000008A  _PORTB_2                           uart0txbuf
     0000008B  G$DIRC$0$0                         uart0txbuf
     0000008B  G$PORTB_3$0$0                      uart0txbuf
     0000008B  _DIRC                              uart0txbuf
     0000008B  _PORTB_3                           uart0txbuf
     0000008C  G$PORTB_4$0$0                      uart0txbuf
ASxxxx Linker V03.00 + NoICE + sdld,  page 4.
Hexadecimal  [32-Bits]

Area                                    Addr        Size        Decimal Bytes (Attributes)
--------------------------------        ----        ----        ------- ----- ------------
.  .ABS.                            00000000    00000000 =           0. bytes (ABS,CON)

      Value  Global                              Global Defined In Module
      -----  --------------------------------   ------------------------
     0000008C  G$PORTR$0$0                        uart0txbuf
     0000008C  _PORTB_4                           uart0txbuf
     0000008C  _PORTR                             uart0txbuf
     0000008D  G$PINR$0$0                         uart0txbuf
     0000008D  G$PORTB_5$0$0                      uart0txbuf
     0000008D  _PINR                              uart0txbuf
     0000008D  _PORTB_5                           uart0txbuf
     0000008E  G$DIRR$0$0                         uart0txbuf
     0000008E  G$PORTB_6$0$0                      uart0txbuf
     0000008E  _DIRR                              uart0txbuf
     0000008E  _PORTB_6                           uart0txbuf
     0000008F  G$PORTB_7$0$0                      uart0txbuf
     0000008F  _PORTB_7                           uart0txbuf
     00000090  G$PORTC$0$0                        uart0txbuf
     00000090  G$PORTC_0$0$0                      uart0txbuf
     00000090  _PORTC                             uart0txbuf
     00000090  _PORTC_0                           uart0txbuf
     00000091  G$NVSTATUS$0$0                     uart0txbuf
     00000091  G$PORTC_1$0$0                      uart0txbuf
     00000091  _NVSTATUS                          uart0txbuf
     00000091  _PORTC_1                           uart0txbuf
     00000092  G$NVADDR0$0$0                      uart0txbuf
     00000092  G$PORTC_2$0$0                      uart0txbuf
     00000092  _NVADDR0                           uart0txbuf
     00000092  _PORTC_2                           uart0txbuf
     00000093  G$NVADDR1$0$0                      uart0txbuf
     00000093  G$PORTC_3$0$0                      uart0txbuf
     00000093  _NVADDR1                           uart0txbuf
     00000093  _PORTC_3                           uart0txbuf
     00000094  G$NVDATA0$0$0                      uart0txbuf
     00000094  G$PORTC_4$0$0                      uart0txbuf
     00000094  _NVDATA0                           uart0txbuf
     00000094  _PORTC_4                           uart0txbuf
     00000095  G$NVDATA1$0$0                      uart0txbuf
     00000095  G$PORTC_5$0$0                      uart0txbuf
     00000095  _NVDATA1                           uart0txbuf
     00000095  _PORTC_5                           uart0txbuf
     00000096  G$NVKEY$0$0                        uart0txbuf
     00000096  G$PORTC_6$0$0                      uart0txbuf
     00000096  _NVKEY                             uart0txbuf
     00000096  _PORTC_6                           uart0txbuf
     00000097  G$CODECONFIG$0$0                   uart0txbuf
     00000097  G$PORTC_7$0$0                      uart0txbuf
     00000097  _CODECONFIG                        uart0txbuf
     00000097  _PORTC_7                           uart0txbuf
     00000098  G$EIE$0$0                          uart0txbuf
     00000098  G$EIE_0$0$0                        uart0txbuf
     00000098  _EIE                               uart0txbuf
     00000098  _EIE_0                             uart0txbuf
     00000099  G$EIE_1$0$0                        uart0txbuf
     00000099  G$T0MODE$0$0                       uart0txbuf
ASxxxx Linker V03.00 + NoICE + sdld,  page 5.
Hexadecimal  [32-Bits]

Area                                    Addr        Size        Decimal Bytes (Attributes)
--------------------------------        ----        ----        ------- ----- ------------
.  .ABS.                            00000000    00000000 =           0. bytes (ABS,CON)

      Value  Global                              Global Defined In Module
      -----  --------------------------------   ------------------------
     00000099  _EIE_1                             uart0txbuf
     00000099  _T0MODE                            uart0txbuf
     0000009A  G$EIE_2$0$0                        uart0txbuf
     0000009A  G$T0CLKSRC$0$0                     uart0txbuf
     0000009A  _EIE_2                             uart0txbuf
     0000009A  _T0CLKSRC                          uart0txbuf
     0000009B  G$EIE_3$0$0                        uart0txbuf
     0000009B  G$T0STATUS$0$0                     uart0txbuf
     0000009B  _EIE_3                             uart0txbuf
     0000009B  _T0STATUS                          uart0txbuf
     0000009C  G$EIE_4$0$0                        uart0txbuf
     0000009C  G$T0CNT0$0$0                       uart0txbuf
     0000009C  _EIE_4                             uart0txbuf
     0000009C  _T0CNT0                            uart0txbuf
     0000009D  G$EIE_5$0$0                        uart0txbuf
     0000009D  G$T0CNT1$0$0                       uart0txbuf
     0000009D  _EIE_5                             uart0txbuf
     0000009D  _T0CNT1                            uart0txbuf
     0000009E  G$EIE_6$0$0                        uart0txbuf
     0000009E  G$T0PERIOD0$0$0                    uart0txbuf
     0000009E  _EIE_6                             uart0txbuf
     0000009E  _T0PERIOD0                         uart0txbuf
     0000009F  G$EIE_7$0$0                        uart0txbuf
     0000009F  G$T0PERIOD1$0$0                    uart0txbuf
     0000009F  _EIE_7                             uart0txbuf
     0000009F  _T0PERIOD1                         uart0txbuf
     000000A0  G$E2IE$0$0                         uart0txbuf
     000000A0  G$E2IE_0$0$0                       uart0txbuf
     000000A0  _E2IE                              uart0txbuf
     000000A0  _E2IE_0                            uart0txbuf
     000000A1  G$E2IE_1$0$0                       uart0txbuf
     000000A1  G$T1MODE$0$0                       uart0txbuf
     000000A1  _E2IE_1                            uart0txbuf
     000000A1  _T1MODE                            uart0txbuf
     000000A2  G$E2IE_2$0$0                       uart0txbuf
     000000A2  G$T1CLKSRC$0$0                     uart0txbuf
     000000A2  _E2IE_2                            uart0txbuf
     000000A2  _T1CLKSRC                          uart0txbuf
     000000A3  G$E2IE_3$0$0                       uart0txbuf
     000000A3  G$T1STATUS$0$0                     uart0txbuf
     000000A3  _E2IE_3                            uart0txbuf
     000000A3  _T1STATUS                          uart0txbuf
     000000A4  G$E2IE_4$0$0                       uart0txbuf
     000000A4  G$T1CNT0$0$0                       uart0txbuf
     000000A4  _E2IE_4                            uart0txbuf
     000000A4  _T1CNT0                            uart0txbuf
     000000A5  G$E2IE_5$0$0                       uart0txbuf
     000000A5  G$T1CNT1$0$0                       uart0txbuf
     000000A5  _E2IE_5                            uart0txbuf
     000000A5  _T1CNT1                            uart0txbuf
     000000A6  G$E2IE_6$0$0                       uart0txbuf
ASxxxx Linker V03.00 + NoICE + sdld,  page 6.
Hexadecimal  [32-Bits]

Area                                    Addr        Size        Decimal Bytes (Attributes)
--------------------------------        ----        ----        ------- ----- ------------
.  .ABS.                            00000000    00000000 =           0. bytes (ABS,CON)

      Value  Global                              Global Defined In Module
      -----  --------------------------------   ------------------------
     000000A6  G$T1PERIOD0$0$0                    uart0txbuf
     000000A6  _E2IE_6                            uart0txbuf
     000000A6  _T1PERIOD0                         uart0txbuf
     000000A7  G$E2IE_7$0$0                       uart0txbuf
     000000A7  G$T1PERIOD1$0$0                    uart0txbuf
     000000A7  _E2IE_7                            uart0txbuf
     000000A7  _T1PERIOD1                         uart0txbuf
     000000A8  G$IE$0$0                           uart0txbuf
     000000A8  G$IE_0$0$0                         uart0txbuf
     000000A8  _IE                                uart0txbuf
     000000A8  _IE_0                              uart0txbuf
     000000A9  G$IE_1$0$0                         uart0txbuf
     000000A9  G$T2MODE$0$0                       uart0txbuf
     000000A9  _IE_1                              uart0txbuf
     000000A9  _T2MODE                            uart0txbuf
     000000AA  G$IE_2$0$0                         uart0txbuf
     000000AA  G$T2CLKSRC$0$0                     uart0txbuf
     000000AA  _IE_2                              uart0txbuf
     000000AA  _T2CLKSRC                          uart0txbuf
     000000AB  G$IE_3$0$0                         uart0txbuf
     000000AB  G$T2STATUS$0$0                     uart0txbuf
     000000AB  _IE_3                              uart0txbuf
     000000AB  _T2STATUS                          uart0txbuf
     000000AC  G$IE_4$0$0                         uart0txbuf
     000000AC  G$T2CNT0$0$0                       uart0txbuf
     000000AC  _IE_4                              uart0txbuf
     000000AC  _T2CNT0                            uart0txbuf
     000000AD  G$IE_5$0$0                         uart0txbuf
     000000AD  G$T2CNT1$0$0                       uart0txbuf
     000000AD  _IE_5                              uart0txbuf
     000000AD  _T2CNT1                            uart0txbuf
     000000AE  G$IE_6$0$0                         uart0txbuf
     000000AE  G$T2PERIOD0$0$0                    uart0txbuf
     000000AE  _IE_6                              uart0txbuf
     000000AE  _T2PERIOD0                         uart0txbuf
     000000AF  G$EA$0$0                           uart0txbuf
     000000AF  G$IE_7$0$0                         uart0txbuf
     000000AF  G$T2PERIOD1$0$0                    uart0txbuf
     000000AF  _EA                                uart0txbuf
     000000AF  _IE_7                              uart0txbuf
     000000AF  _T2PERIOD1                         uart0txbuf
     000000B0  G$EIP$0$0                          uart0txbuf
     000000B0  G$EIP_0$0$0                        uart0txbuf
     000000B0  _EIP                               uart0txbuf
     000000B0  _EIP_0                             uart0txbuf
     000000B1  G$EIP_1$0$0                        uart0txbuf
     000000B1  G$RADIOACC$0$0                     uart0txbuf
     000000B1  _EIP_1                             uart0txbuf
     000000B1  _RADIOACC                          uart0txbuf
     000000B2  G$EIP_2$0$0                        uart0txbuf
     000000B2  G$RADIOADDR1$0$0                   uart0txbuf
ASxxxx Linker V03.00 + NoICE + sdld,  page 7.
Hexadecimal  [32-Bits]

Area                                    Addr        Size        Decimal Bytes (Attributes)
--------------------------------        ----        ----        ------- ----- ------------
.  .ABS.                            00000000    00000000 =           0. bytes (ABS,CON)

      Value  Global                              Global Defined In Module
      -----  --------------------------------   ------------------------
     000000B2  _EIP_2                             uart0txbuf
     000000B2  _RADIOADDR1                        uart0txbuf
     000000B3  G$EIP_3$0$0                        uart0txbuf
     000000B3  G$RADIOADDR0$0$0                   uart0txbuf
     000000B3  _EIP_3                             uart0txbuf
     000000B3  _RADIOADDR0                        uart0txbuf
     000000B4  G$EIP_4$0$0                        uart0txbuf
     000000B4  G$RADIODATA3$0$0                   uart0txbuf
     000000B4  _EIP_4                             uart0txbuf
     000000B4  _RADIODATA3                        uart0txbuf
     000000B5  G$EIP_5$0$0                        uart0txbuf
     000000B5  G$RADIODATA2$0$0                   uart0txbuf
     000000B5  _EIP_5                             uart0txbuf
     000000B5  _RADIODATA2                        uart0txbuf
     000000B6  G$EIP_6$0$0                        uart0txbuf
     000000B6  G$RADIODATA1$0$0                   uart0txbuf
     000000B6  _EIP_6                             uart0txbuf
     000000B6  _RADIODATA1                        uart0txbuf
     000000B7  G$EIP_7$0$0                        uart0txbuf
     000000B7  G$RADIODATA0$0$0                   uart0txbuf
     000000B7  _EIP_7                             uart0txbuf
     000000B7  _RADIODATA0                        uart0txbuf
     000000B8  G$IP$0$0                           uart0txbuf
     000000B8  G$IP_0$0$0                         uart0txbuf
     000000B8  _IP                                uart0txbuf
     000000B8  _IP_0                              uart0txbuf
     000000B9  G$IP_1$0$0                         uart0txbuf
     000000B9  G$OC0MODE$0$0                      uart0txbuf
     000000B9  _IP_1                              uart0txbuf
     000000B9  _OC0MODE                           uart0txbuf
     000000BA  G$IP_2$0$0                         uart0txbuf
     000000BA  G$OC0PIN$0$0                       uart0txbuf
     000000BA  _IP_2                              uart0txbuf
     000000BA  _OC0PIN                            uart0txbuf
     000000BB  G$IP_3$0$0                         uart0txbuf
     000000BB  G$OC0STATUS$0$0                    uart0txbuf
     000000BB  _IP_3                              uart0txbuf
     000000BB  _OC0STATUS                         uart0txbuf
     000000BC  G$IP_4$0$0                         uart0txbuf
     000000BC  G$OC0COMP0$0$0                     uart0txbuf
     000000BC  _IP_4                              uart0txbuf
     000000BC  _OC0COMP0                          uart0txbuf
     000000BD  G$IP_5$0$0                         uart0txbuf
     000000BD  G$OC0COMP1$0$0                     uart0txbuf
     000000BD  _IP_5                              uart0txbuf
     000000BD  _OC0COMP1                          uart0txbuf
     000000BE  G$IP_6$0$0                         uart0txbuf
     000000BE  G$RADIOSTAT0$0$0                   uart0txbuf
     000000BE  _IP_6                              uart0txbuf
     000000BE  _RADIOSTAT0                        uart0txbuf
     000000BF  G$IP_7$0$0                         uart0txbuf
ASxxxx Linker V03.00 + NoICE + sdld,  page 8.
Hexadecimal  [32-Bits]

Area                                    Addr        Size        Decimal Bytes (Attributes)
--------------------------------        ----        ----        ------- ----- ------------
.  .ABS.                            00000000    00000000 =           0. bytes (ABS,CON)

      Value  Global                              Global Defined In Module
      -----  --------------------------------   ------------------------
     000000BF  G$RADIOSTAT1$0$0                   uart0txbuf
     000000BF  _IP_7                              uart0txbuf
     000000BF  _RADIOSTAT1                        uart0txbuf
     000000C0  G$E2IP$0$0                         uart0txbuf
     000000C0  G$E2IP_0$0$0                       uart0txbuf
     000000C0  _E2IP                              uart0txbuf
     000000C0  _E2IP_0                            uart0txbuf
     000000C1  G$E2IP_1$0$0                       uart0txbuf
     000000C1  G$OC1MODE$0$0                      uart0txbuf
     000000C1  _E2IP_1                            uart0txbuf
     000000C1  _OC1MODE                           uart0txbuf
     000000C2  G$E2IP_2$0$0                       uart0txbuf
     000000C2  G$OC1PIN$0$0                       uart0txbuf
     000000C2  _E2IP_2                            uart0txbuf
     000000C2  _OC1PIN                            uart0txbuf
     000000C3  G$E2IP_3$0$0                       uart0txbuf
     000000C3  G$OC1STATUS$0$0                    uart0txbuf
     000000C3  _E2IP_3                            uart0txbuf
     000000C3  _OC1STATUS                         uart0txbuf
     000000C4  G$E2IP_4$0$0                       uart0txbuf
     000000C4  G$OC1COMP0$0$0                     uart0txbuf
     000000C4  _E2IP_4                            uart0txbuf
     000000C4  _OC1COMP0                          uart0txbuf
     000000C5  G$E2IP_5$0$0                       uart0txbuf
     000000C5  G$OC1COMP1$0$0                     uart0txbuf
     000000C5  _E2IP_5                            uart0txbuf
     000000C5  _OC1COMP1                          uart0txbuf
     000000C6  G$CLKCON$0$0                       uart0txbuf
     000000C6  G$E2IP_6$0$0                       uart0txbuf
     000000C6  _CLKCON                            uart0txbuf
     000000C6  _E2IP_6                            uart0txbuf
     000000C7  G$CLKSTAT$0$0                      uart0txbuf
     000000C7  G$E2IP_7$0$0                       uart0txbuf
     000000C7  _CLKSTAT                           uart0txbuf
     000000C7  _E2IP_7                            uart0txbuf
     000000C8  G$PINA$0$0                         uart0txbuf
     000000C8  G$PINA_0$0$0                       uart0txbuf
     000000C8  _PINA                              uart0txbuf
     000000C8  _PINA_0                            uart0txbuf
     000000C9  G$ADCCONV$0$0                      uart0txbuf
     000000C9  G$PINA_1$0$0                       uart0txbuf
     000000C9  _ADCCONV                           uart0txbuf
     000000C9  _PINA_1                            uart0txbuf
     000000CA  G$ADCCH0CONFIG$0$0                 uart0txbuf
     000000CA  G$PINA_2$0$0                       uart0txbuf
     000000CA  _ADCCH0CONFIG                      uart0txbuf
     000000CA  _PINA_2                            uart0txbuf
     000000CB  G$ADCCH1CONFIG$0$0                 uart0txbuf
     000000CB  G$PINA_3$0$0                       uart0txbuf
     000000CB  _ADCCH1CONFIG                      uart0txbuf
     000000CB  _PINA_3                            uart0txbuf
ASxxxx Linker V03.00 + NoICE + sdld,  page 9.
Hexadecimal  [32-Bits]

Area                                    Addr        Size        Decimal Bytes (Attributes)
--------------------------------        ----        ----        ------- ----- ------------
.  .ABS.                            00000000    00000000 =           0. bytes (ABS,CON)

      Value  Global                              Global Defined In Module
      -----  --------------------------------   ------------------------
     000000CC  G$IC0MODE$0$0                      uart0txbuf
     000000CC  G$PINA_4$0$0                       uart0txbuf
     000000CC  _IC0MODE                           uart0txbuf
     000000CC  _PINA_4                            uart0txbuf
     000000CD  G$IC0STATUS$0$0                    uart0txbuf
     000000CD  G$PINA_5$0$0                       uart0txbuf
     000000CD  _IC0STATUS                         uart0txbuf
     000000CD  _PINA_5                            uart0txbuf
     000000CE  G$IC0CAPT0$0$0                     uart0txbuf
     000000CE  G$PINA_6$0$0                       uart0txbuf
     000000CE  _IC0CAPT0                          uart0txbuf
     000000CE  _PINA_6                            uart0txbuf
     000000CF  G$IC0CAPT1$0$0                     uart0txbuf
     000000CF  G$PINA_7$0$0                       uart0txbuf
     000000CF  _IC0CAPT1                          uart0txbuf
     000000CF  _PINA_7                            uart0txbuf
     000000D0  G$P$0$0                            uart0txbuf
     000000D0  G$PSW$0$0                          uart0txbuf
     000000D0  _P                                 uart0txbuf
     000000D0  _PSW                               uart0txbuf
     000000D1  G$ADCCLKSRC$0$0                    uart0txbuf
     000000D1  G$F1$0$0                           uart0txbuf
     000000D1  _ADCCLKSRC                         uart0txbuf
     000000D1  _F1                                uart0txbuf
     000000D2  G$ADCCH2CONFIG$0$0                 uart0txbuf
     000000D2  G$OV$0$0                           uart0txbuf
     000000D2  _ADCCH2CONFIG                      uart0txbuf
     000000D2  _OV                                uart0txbuf
     000000D3  G$ADCCH3CONFIG$0$0                 uart0txbuf
     000000D3  G$RS0$0$0                          uart0txbuf
     000000D3  _ADCCH3CONFIG                      uart0txbuf
     000000D3  _RS0                               uart0txbuf
     000000D4  G$IC1MODE$0$0                      uart0txbuf
     000000D4  G$RS1$0$0                          uart0txbuf
     000000D4  _IC1MODE                           uart0txbuf
     000000D4  _RS1                               uart0txbuf
     000000D5  G$F0$0$0                           uart0txbuf
     000000D5  G$IC1STATUS$0$0                    uart0txbuf
     000000D5  _F0                                uart0txbuf
     000000D5  _IC1STATUS                         uart0txbuf
     000000D6  G$AC$0$0                           uart0txbuf
     000000D6  G$IC1CAPT0$0$0                     uart0txbuf
     000000D6  _AC                                uart0txbuf
     000000D6  _IC1CAPT0                          uart0txbuf
     000000D7  G$CY$0$0                           uart0txbuf
     000000D7  G$IC1CAPT1$0$0                     uart0txbuf
     000000D7  _CY                                uart0txbuf
     000000D7  _IC1CAPT1                          uart0txbuf
     000000D9  G$XPAGE$0$0                        uart0txbuf
     000000D9  G$_XPAGE$0$0                       uart0txbuf
     000000D9  _XPAGE                             uart0txbuf
ASxxxx Linker V03.00 + NoICE + sdld,  page 10.
Hexadecimal  [32-Bits]

Area                                    Addr        Size        Decimal Bytes (Attributes)
--------------------------------        ----        ----        ------- ----- ------------
.  .ABS.                            00000000    00000000 =           0. bytes (ABS,CON)

      Value  Global                              Global Defined In Module
      -----  --------------------------------   ------------------------
     000000D9  __XPAGE                            uart0txbuf
     000000DA  G$WDTCFG$0$0                       uart0txbuf
     000000DA  _WDTCFG                            uart0txbuf
     000000DB  G$WDTRESET$0$0                     uart0txbuf
     000000DB  _WDTRESET                          uart0txbuf
     000000DC  G$SPMODE$0$0                       uart0txbuf
     000000DC  _SPMODE                            uart0txbuf
     000000DD  G$SPSTATUS$0$0                     uart0txbuf
     000000DD  _SPSTATUS                          uart0txbuf
     000000DE  G$SPSHREG$0$0                      uart0txbuf
     000000DE  _SPSHREG                           uart0txbuf
     000000DF  G$SPCLKSRC$0$0                     uart0txbuf
     000000DF  _SPCLKSRC                          uart0txbuf
     000000E0  G$ACC$0$0                          uart0txbuf
     000000E0  G$ACC_0$0$0                        uart0txbuf
     000000E0  _ACC                               uart0txbuf
     000000E0  _ACC_0                             uart0txbuf
     000000E1  G$ACC_1$0$0                        uart0txbuf
     000000E1  G$ANALOGCOMP$0$0                   uart0txbuf
     000000E1  _ACC_1                             uart0txbuf
     000000E1  _ANALOGCOMP                        uart0txbuf
     000000E2  G$ACC_2$0$0                        uart0txbuf
     000000E2  G$DBGLNKSTAT$0$0                   uart0txbuf
     000000E2  _ACC_2                             uart0txbuf
     000000E2  _DBGLNKSTAT                        uart0txbuf
     000000E3  G$ACC_3$0$0                        uart0txbuf
     000000E3  G$DBGLNKBUF$0$0                    uart0txbuf
     000000E3  _ACC_3                             uart0txbuf
     000000E3  _DBGLNKBUF                         uart0txbuf
     000000E4  G$ACC_4$0$0                        uart0txbuf
     000000E4  G$U0CTRL$0$0                       uart0txbuf
     000000E4  _ACC_4                             uart0txbuf
     000000E4  _U0CTRL                            uart0txbuf
     000000E5  G$ACC_5$0$0                        uart0txbuf
     000000E5  G$U0STATUS$0$0                     uart0txbuf
     000000E5  _ACC_5                             uart0txbuf
     000000E5  _U0STATUS                          uart0txbuf
     000000E6  G$ACC_6$0$0                        uart0txbuf
     000000E6  G$U0SHREG$0$0                      uart0txbuf
     000000E6  _ACC_6                             uart0txbuf
     000000E6  _U0SHREG                           uart0txbuf
     000000E7  G$ACC_7$0$0                        uart0txbuf
     000000E7  G$U0MODE$0$0                       uart0txbuf
     000000E7  _ACC_7                             uart0txbuf
     000000E7  _U0MODE                            uart0txbuf
     000000E8  G$PINB$0$0                         uart0txbuf
     000000E8  G$PINB_0$0$0                       uart0txbuf
     000000E8  _PINB                              uart0txbuf
     000000E8  _PINB_0                            uart0txbuf
     000000E9  G$PINB_1$0$0                       uart0txbuf
     000000E9  G$WTIRQEN$0$0                      uart0txbuf
ASxxxx Linker V03.00 + NoICE + sdld,  page 11.
Hexadecimal  [32-Bits]

Area                                    Addr        Size        Decimal Bytes (Attributes)
--------------------------------        ----        ----        ------- ----- ------------
.  .ABS.                            00000000    00000000 =           0. bytes (ABS,CON)

      Value  Global                              Global Defined In Module
      -----  --------------------------------   ------------------------
     000000E9  _PINB_1                            uart0txbuf
     000000E9  _WTIRQEN                           uart0txbuf
     000000EA  G$PINB_2$0$0                       uart0txbuf
     000000EA  G$WTSTAT$0$0                       uart0txbuf
     000000EA  _PINB_2                            uart0txbuf
     000000EA  _WTSTAT                            uart0txbuf
     000000EB  G$PINB_3$0$0                       uart0txbuf
     000000EB  G$WTCNTR1$0$0                      uart0txbuf
     000000EB  _PINB_3                            uart0txbuf
     000000EB  _WTCNTR1                           uart0txbuf
     000000EC  G$PINB_4$0$0                       uart0txbuf
     000000EC  G$U1CTRL$0$0                       uart0txbuf
     000000EC  _PINB_4                            uart0txbuf
     000000EC  _U1CTRL                            uart0txbuf
     000000ED  G$PINB_5$0$0                       uart0txbuf
     000000ED  G$U1STATUS$0$0                     uart0txbuf
     000000ED  _PINB_5                            uart0txbuf
     000000ED  _U1STATUS                          uart0txbuf
     000000EE  G$PINB_6$0$0                       uart0txbuf
     000000EE  G$U1SHREG$0$0                      uart0txbuf
     000000EE  _PINB_6                            uart0txbuf
     000000EE  _U1SHREG                           uart0txbuf
     000000EF  G$PINB_7$0$0                       uart0txbuf
     000000EF  G$U1MODE$0$0                       uart0txbuf
     000000EF  _PINB_7                            uart0txbuf
     000000EF  _U1MODE                            uart0txbuf
     000000F0  G$B$0$0                            uart0txbuf
     000000F0  G$B_0$0$0                          uart0txbuf
     000000F0  _B                                 uart0txbuf
     000000F0  _B_0                               uart0txbuf
     000000F1  G$B_1$0$0                          uart0txbuf
     000000F1  G$WTCFGA$0$0                       uart0txbuf
     000000F1  _B_1                               uart0txbuf
     000000F1  _WTCFGA                            uart0txbuf
     000000F2  G$B_2$0$0                          uart0txbuf
     000000F2  G$WTCNTA0$0$0                      uart0txbuf
     000000F2  _B_2                               uart0txbuf
     000000F2  _WTCNTA0                           uart0txbuf
     000000F3  G$B_3$0$0                          uart0txbuf
     000000F3  G$WTCNTA1$0$0                      uart0txbuf
     000000F3  _B_3                               uart0txbuf
     000000F3  _WTCNTA1                           uart0txbuf
     000000F4  G$B_4$0$0                          uart0txbuf
     000000F4  G$WTEVTA0$0$0                      uart0txbuf
     000000F4  _B_4                               uart0txbuf
     000000F4  _WTEVTA0                           uart0txbuf
     000000F5  G$B_5$0$0                          uart0txbuf
     000000F5  G$WTEVTA1$0$0                      uart0txbuf
     000000F5  _B_5                               uart0txbuf
     000000F5  _WTEVTA1                           uart0txbuf
     000000F6  G$B_6$0$0                          uart0txbuf
ASxxxx Linker V03.00 + NoICE + sdld,  page 12.
Hexadecimal  [32-Bits]

Area                                    Addr        Size        Decimal Bytes (Attributes)
--------------------------------        ----        ----        ------- ----- ------------
.  .ABS.                            00000000    00000000 =           0. bytes (ABS,CON)

      Value  Global                              Global Defined In Module
      -----  --------------------------------   ------------------------
     000000F6  G$WTEVTB0$0$0                      uart0txbuf
     000000F6  _B_6                               uart0txbuf
     000000F6  _WTEVTB0                           uart0txbuf
     000000F7  G$B_7$0$0                          uart0txbuf
     000000F7  G$WTEVTB1$0$0                      uart0txbuf
     000000F7  _B_7                               uart0txbuf
     000000F7  _WTEVTB1                           uart0txbuf
     000000F8  G$PINC$0$0                         uart0txbuf
     000000F8  G$PINC_0$0$0                       uart0txbuf
     000000F8  _PINC                              uart0txbuf
     000000F8  _PINC_0                            uart0txbuf
     000000F9  G$PINC_1$0$0                       uart0txbuf
     000000F9  G$WTCFGB$0$0                       uart0txbuf
     000000F9  _PINC_1                            uart0txbuf
     000000F9  _WTCFGB                            uart0txbuf
     000000FA  G$PINC_2$0$0                       uart0txbuf
     000000FA  G$WTCNTB0$0$0                      uart0txbuf
     000000FA  _PINC_2                            uart0txbuf
     000000FA  _WTCNTB0                           uart0txbuf
     000000FB  G$PINC_3$0$0                       uart0txbuf
     000000FB  G$WTCNTB1$0$0                      uart0txbuf
     000000FB  _PINC_3                            uart0txbuf
     000000FB  _WTCNTB1                           uart0txbuf
     000000FC  G$PINC_4$0$0                       uart0txbuf
     000000FC  G$WTEVTC0$0$0                      uart0txbuf
     000000FC  _PINC_4                            uart0txbuf
     000000FC  _WTEVTC0                           uart0txbuf
     000000FD  G$PINC_5$0$0                       uart0txbuf
     000000FD  G$WTEVTC1$0$0                      uart0txbuf
     000000FD  _PINC_5                            uart0txbuf
     000000FD  _WTEVTC1                           uart0txbuf
     000000FE  G$PINC_6$0$0                       uart0txbuf
     000000FE  G$WTEVTD0$0$0                      uart0txbuf
     000000FE  _PINC_6                            uart0txbuf
     000000FE  _WTEVTD0                           uart0txbuf
     000000FF  G$PINC_7$0$0                       uart0txbuf
     000000FF  G$WTEVTD1$0$0                      uart0txbuf
     000000FF  _PINC_7                            uart0txbuf
     000000FF  _WTEVTD1                           uart0txbuf
     00007000  G$INTCHGA$0$0                      uart0txbuf
     00007000  _INTCHGA                           uart0txbuf
     00007001  G$INTCHGB$0$0                      uart0txbuf
     00007001  _INTCHGB                           uart0txbuf
     00007002  G$INTCHGC$0$0                      uart0txbuf
     00007002  _INTCHGC                           uart0txbuf
     00007003  G$EXTIRQ$0$0                       uart0txbuf
     00007003  _EXTIRQ                            uart0txbuf
     00007004  G$PINCHGA$0$0                      uart0txbuf
     00007004  _PINCHGA                           uart0txbuf
     00007005  G$PINCHGB$0$0                      uart0txbuf
     00007005  _PINCHGB                           uart0txbuf
ASxxxx Linker V03.00 + NoICE + sdld,  page 13.
Hexadecimal  [32-Bits]

Area                                    Addr        Size        Decimal Bytes (Attributes)
--------------------------------        ----        ----        ------- ----- ------------
.  .ABS.                            00000000    00000000 =           0. bytes (ABS,CON)

      Value  Global                              Global Defined In Module
      -----  --------------------------------   ------------------------
     00007006  G$PINCHGC$0$0                      uart0txbuf
     00007006  _PINCHGC                           uart0txbuf
     00007007  G$ANALOGA$0$0                      uart0txbuf
     00007007  _ANALOGA                           uart0txbuf
     00007008  G$PALTA$0$0                        uart0txbuf
     00007008  _PALTA                             uart0txbuf
     00007009  G$PALTB$0$0                        uart0txbuf
     00007009  _PALTB                             uart0txbuf
     0000700A  G$PALTC$0$0                        uart0txbuf
     0000700A  _PALTC                             uart0txbuf
     0000700B  G$PINSEL$0$0                       uart0txbuf
     0000700B  _PINSEL                            uart0txbuf
     0000700C  G$GPIOENABLE$0$0                   uart0txbuf
     0000700C  _GPIOENABLE                        uart0txbuf
     00007010  G$DMA0ADDR$0$0                     uart0txbuf
     00007010  G$DMA0ADDR0$0$0                    uart0txbuf
     00007010  _DMA0ADDR                          uart0txbuf
     00007010  _DMA0ADDR0                         uart0txbuf
     00007011  G$DMA0ADDR1$0$0                    uart0txbuf
     00007011  _DMA0ADDR1                         uart0txbuf
     00007012  G$DMA1ADDR$0$0                     uart0txbuf
     00007012  G$DMA1ADDR0$0$0                    uart0txbuf
     00007012  _DMA1ADDR                          uart0txbuf
     00007012  _DMA1ADDR0                         uart0txbuf
     00007013  G$DMA1ADDR1$0$0                    uart0txbuf
     00007013  _DMA1ADDR1                         uart0txbuf
     00007014  G$DMA0CONFIG$0$0                   uart0txbuf
     00007014  _DMA0CONFIG                        uart0txbuf
     00007015  G$DMA1CONFIG$0$0                   uart0txbuf
     00007015  _DMA1CONFIG                        uart0txbuf
     00007020  G$ADCCH0VAL$0$0                    uart0txbuf
     00007020  G$ADCCH0VAL0$0$0                   uart0txbuf
     00007020  _ADCCH0VAL                         uart0txbuf
     00007020  _ADCCH0VAL0                        uart0txbuf
     00007021  G$ADCCH0VAL1$0$0                   uart0txbuf
     00007021  _ADCCH0VAL1                        uart0txbuf
     00007022  G$ADCCH1VAL$0$0                    uart0txbuf
     00007022  G$ADCCH1VAL0$0$0                   uart0txbuf
     00007022  _ADCCH1VAL                         uart0txbuf
     00007022  _ADCCH1VAL0                        uart0txbuf
     00007023  G$ADCCH1VAL1$0$0                   uart0txbuf
     00007023  _ADCCH1VAL1                        uart0txbuf
     00007024  G$ADCCH2VAL$0$0                    uart0txbuf
     00007024  G$ADCCH2VAL0$0$0                   uart0txbuf
     00007024  _ADCCH2VAL                         uart0txbuf
     00007024  _ADCCH2VAL0                        uart0txbuf
     00007025  G$ADCCH2VAL1$0$0                   uart0txbuf
     00007025  _ADCCH2VAL1                        uart0txbuf
     00007026  G$ADCCH3VAL$0$0                    uart0txbuf
     00007026  G$ADCCH3VAL0$0$0                   uart0txbuf
     00007026  _ADCCH3VAL                         uart0txbuf
ASxxxx Linker V03.00 + NoICE + sdld,  page 14.
Hexadecimal  [32-Bits]

Area                                    Addr        Size        Decimal Bytes (Attributes)
--------------------------------        ----        ----        ------- ----- ------------
.  .ABS.                            00000000    00000000 =           0. bytes (ABS,CON)

      Value  Global                              Global Defined In Module
      -----  --------------------------------   ------------------------
     00007026  _ADCCH3VAL0                        uart0txbuf
     00007027  G$ADCCH3VAL1$0$0                   uart0txbuf
     00007027  _ADCCH3VAL1                        uart0txbuf
     00007028  G$ADCTUNE0$0$0                     uart0txbuf
     00007028  _ADCTUNE0                          uart0txbuf
     00007029  G$ADCTUNE1$0$0                     uart0txbuf
     00007029  _ADCTUNE1                          uart0txbuf
     0000702A  G$ADCTUNE2$0$0                     uart0txbuf
     0000702A  _ADCTUNE2                          uart0txbuf
     00007030  G$ADCCALG00GAIN0$0$0               flashcal
     00007030  _ADCCALG00GAIN0                    flashcal
     00007031  G$ADCCALG00GAIN1$0$0               flashcal
     00007031  _ADCCALG00GAIN1                    flashcal
     00007032  G$ADCCALG01GAIN0$0$0               flashcal
     00007032  _ADCCALG01GAIN0                    flashcal
     00007033  G$ADCCALG01GAIN1$0$0               flashcal
     00007033  _ADCCALG01GAIN1                    flashcal
     00007034  G$ADCCALG10GAIN0$0$0               flashcal
     00007034  _ADCCALG10GAIN0                    flashcal
     00007035  G$ADCCALG10GAIN1$0$0               flashcal
     00007035  _ADCCALG10GAIN1                    flashcal
     00007038  G$ADCCALTEMPGAIN0$0$0              flashcal
     00007038  _ADCCALTEMPGAIN0                   flashcal
     00007039  G$ADCCALTEMPGAIN1$0$0              flashcal
     00007039  _ADCCALTEMPGAIN1                   flashcal
     0000703A  G$ADCCALTEMPOFFS0$0$0              flashcal
     0000703A  _ADCCALTEMPOFFS0                   flashcal
     0000703B  G$ADCCALTEMPOFFS1$0$0              flashcal
     0000703B  _ADCCALTEMPOFFS1                   flashcal
     00007040  G$RADIOFDATAADDR$0$0               uart0txbuf
     00007040  G$RADIOFDATAADDR0$0$0              uart0txbuf
     00007040  _RADIOFDATAADDR                    uart0txbuf
     00007040  _RADIOFDATAADDR0                   uart0txbuf
     00007041  G$RADIOFDATAADDR1$0$0              uart0txbuf
     00007041  _RADIOFDATAADDR1                   uart0txbuf
     00007042  G$RADIOFSTATADDR$0$0               uart0txbuf
     00007042  G$RADIOFSTATADDR0$0$0              uart0txbuf
     00007042  _RADIOFSTATADDR                    uart0txbuf
     00007042  _RADIOFSTATADDR0                   uart0txbuf
     00007043  G$RADIOFSTATADDR1$0$0              uart0txbuf
     00007043  _RADIOFSTATADDR1                   uart0txbuf
     00007044  G$RADIOMUX$0$0                     uart0txbuf
     00007044  _RADIOMUX                          uart0txbuf
     00007046  G$PALTRADIO$0$0                    uart0txbuf
     00007046  _PALTRADIO                         uart0txbuf
     00007050  G$OSCFORCERUN$0$0                  uart0txbuf
     00007050  _OSCFORCERUN                       uart0txbuf
     00007051  G$OSCRUN$0$0                       uart0txbuf
     00007051  _OSCRUN                            uart0txbuf
     00007052  G$OSCREADY$0$0                     uart0txbuf
     00007052  _OSCREADY                          uart0txbuf
ASxxxx Linker V03.00 + NoICE + sdld,  page 15.
Hexadecimal  [32-Bits]

Area                                    Addr        Size        Decimal Bytes (Attributes)
--------------------------------        ----        ----        ------- ----- ------------
.  .ABS.                            00000000    00000000 =           0. bytes (ABS,CON)

      Value  Global                              Global Defined In Module
      -----  --------------------------------   ------------------------
     00007053  G$OSCCALIB$0$0                     uart0txbuf
     00007053  _OSCCALIB                          uart0txbuf
     00007054  G$LPXOSCGM$0$0                     uart0txbuf
     00007054  _LPXOSCGM                          uart0txbuf
     00007060  G$LPOSCCONFIG$0$0                  uart0txbuf
     00007060  _LPOSCCONFIG                       uart0txbuf
     00007062  G$LPOSCKFILT$0$0                   uart0txbuf
     00007062  G$LPOSCKFILT0$0$0                  uart0txbuf
     00007062  _LPOSCKFILT                        uart0txbuf
     00007062  _LPOSCKFILT0                       uart0txbuf
     00007063  G$LPOSCKFILT1$0$0                  uart0txbuf
     00007063  _LPOSCKFILT1                       uart0txbuf
     00007064  G$LPOSCREF$0$0                     uart0txbuf
     00007064  G$LPOSCREF0$0$0                    uart0txbuf
     00007064  _LPOSCREF                          uart0txbuf
     00007064  _LPOSCREF0                         uart0txbuf
     00007065  G$LPOSCREF1$0$0                    uart0txbuf
     00007065  _LPOSCREF1                         uart0txbuf
     00007066  G$LPOSCFREQ$0$0                    uart0txbuf
     00007066  G$LPOSCFREQ0$0$0                   uart0txbuf
     00007066  _LPOSCFREQ                         uart0txbuf
     00007066  _LPOSCFREQ0                        uart0txbuf
     00007067  G$LPOSCFREQ1$0$0                   uart0txbuf
     00007067  _LPOSCFREQ1                        uart0txbuf
     00007068  G$LPOSCPER$0$0                     uart0txbuf
     00007068  G$LPOSCPER0$0$0                    uart0txbuf
     00007068  _LPOSCPER                          uart0txbuf
     00007068  _LPOSCPER0                         uart0txbuf
     00007069  G$LPOSCPER1$0$0                    uart0txbuf
     00007069  _LPOSCPER1                         uart0txbuf
     00007070  G$FRCOSCCONFIG$0$0                 uart0txbuf
     00007070  _FRCOSCCONFIG                      uart0txbuf
     00007071  G$FRCOSCCTRL$0$0                   uart0txbuf
     00007071  _FRCOSCCTRL                        uart0txbuf
     00007072  G$FRCOSCKFILT$0$0                  uart0txbuf
     00007072  G$FRCOSCKFILT0$0$0                 uart0txbuf
     00007072  _FRCOSCKFILT                       uart0txbuf
     00007072  _FRCOSCKFILT0                      uart0txbuf
     00007073  G$FRCOSCKFILT1$0$0                 uart0txbuf
     00007073  _FRCOSCKFILT1                      uart0txbuf
     00007074  G$FRCOSCREF$0$0                    uart0txbuf
     00007074  G$FRCOSCREF0$0$0                   uart0txbuf
     00007074  _FRCOSCREF                         uart0txbuf
     00007074  _FRCOSCREF0                        uart0txbuf
     00007075  G$FRCOSCREF1$0$0                   uart0txbuf
     00007075  _FRCOSCREF1                        uart0txbuf
     00007076  G$FRCOSCFREQ$0$0                   uart0txbuf
     00007076  G$FRCOSCFREQ0$0$0                  uart0txbuf
     00007076  _FRCOSCFREQ                        uart0txbuf
     00007076  _FRCOSCFREQ0                       uart0txbuf
     00007077  G$FRCOSCFREQ1$0$0                  uart0txbuf
ASxxxx Linker V03.00 + NoICE + sdld,  page 16.
Hexadecimal  [32-Bits]

Area                                    Addr        Size        Decimal Bytes (Attributes)
--------------------------------        ----        ----        ------- ----- ------------
.  .ABS.                            00000000    00000000 =           0. bytes (ABS,CON)

      Value  Global                              Global Defined In Module
      -----  --------------------------------   ------------------------
     00007077  _FRCOSCFREQ1                       uart0txbuf
     00007078  G$FRCOSCPER$0$0                    uart0txbuf
     00007078  G$FRCOSCPER0$0$0                   uart0txbuf
     00007078  _FRCOSCPER                         uart0txbuf
     00007078  _FRCOSCPER0                        uart0txbuf
     00007079  G$FRCOSCPER1$0$0                   uart0txbuf
     00007079  _FRCOSCPER1                        uart0txbuf
     00007084  G$SCRATCH0$0$0                     uart0txbuf
     00007084  _SCRATCH0                          uart0txbuf
     00007085  G$SCRATCH1$0$0                     uart0txbuf
     00007085  _SCRATCH1                          uart0txbuf
     00007086  G$SCRATCH2$0$0                     uart0txbuf
     00007086  _SCRATCH2                          uart0txbuf
     00007087  G$SCRATCH3$0$0                     uart0txbuf
     00007087  _SCRATCH3                          uart0txbuf
     00007F00  G$SILICONREV$0$0                   uart0txbuf
     00007F00  _SILICONREV                        uart0txbuf
     00007F01  G$MISCCTRL$0$0                     uart0txbuf
     00007F01  _MISCCTRL                          uart0txbuf
     00007F10  G$POWCTRL0$0$0                     flashcal
     00007F10  _POWCTRL0                          flashcal
     00007F11  G$POWCTRL1$0$0                     flashcal
     00007F11  _POWCTRL1                          flashcal
     00007F16  G$REF$0$0                          flashcal
     00007F16  _REF                               flashcal
     00007F18  G$XTALOSC$0$0                      uart0txbuf
     00007F18  _XTALOSC                           uart0txbuf
     00007F19  G$XTALAMPL$0$0                     uart0txbuf
     00007F19  _XTALAMPL                          uart0txbuf
     00007F1A  G$XTALREADY$0$0                    uart0txbuf
     00007F1A  _XTALREADY                         uart0txbuf
     00008382  G$DPTR0$0$0                        uart0txbuf
     00008382  _DPTR0                             uart0txbuf
     00008584  G$DPTR1$0$0                        uart0txbuf
     00008584  _DPTR1                             uart0txbuf
     00009392  G$NVADDR$0$0                       uart0txbuf
     00009392  _NVADDR                            uart0txbuf
     00009594  G$NVDATA$0$0                       uart0txbuf
     00009594  _NVDATA                            uart0txbuf
     00009D9C  G$T0CNT$0$0                        uart0txbuf
     00009D9C  _T0CNT                             uart0txbuf
     00009F9E  G$T0PERIOD$0$0                     uart0txbuf
     00009F9E  _T0PERIOD                          uart0txbuf
     0000A5A4  G$T1CNT$0$0                        uart0txbuf
     0000A5A4  _T1CNT                             uart0txbuf
     0000A7A6  G$T1PERIOD$0$0                     uart0txbuf
     0000A7A6  _T1PERIOD                          uart0txbuf
     0000ADAC  G$T2CNT$0$0                        uart0txbuf
     0000ADAC  _T2CNT                             uart0txbuf
     0000AFAE  G$T2PERIOD$0$0                     uart0txbuf
     0000AFAE  _T2PERIOD                          uart0txbuf
ASxxxx Linker V03.00 + NoICE + sdld,  page 17.
Hexadecimal  [32-Bits]

Area                                    Addr        Size        Decimal Bytes (Attributes)
--------------------------------        ----        ----        ------- ----- ------------
.  .ABS.                            00000000    00000000 =           0. bytes (ABS,CON)

      Value  Global                              Global Defined In Module
      -----  --------------------------------   ------------------------
     0000B2B3  G$RADIOADDR$0$0                    uart0txbuf
     0000B2B3  _RADIOADDR                         uart0txbuf
     0000BDBC  G$OC0COMP$0$0                      uart0txbuf
     0000BDBC  _OC0COMP                           uart0txbuf
     0000BFBE  G$RADIOSTAT$0$0                    uart0txbuf
     0000BFBE  _RADIOSTAT                         uart0txbuf
     0000C5C4  G$OC1COMP$0$0                      uart0txbuf
     0000C5C4  _OC1COMP                           uart0txbuf
     0000CFCE  G$IC0CAPT$0$0                      uart0txbuf
     0000CFCE  _IC0CAPT                           uart0txbuf
     0000D7D6  G$IC1CAPT$0$0                      uart0txbuf
     0000D7D6  _IC1CAPT                           uart0txbuf
     0000E3FE  _jmp_vector                        main
     0000F3F2  G$WTCNTA$0$0                       uart0txbuf
     0000F3F2  _WTCNTA                            uart0txbuf
     0000F5F4  G$WTEVTA$0$0                       uart0txbuf
     0000F5F4  _WTEVTA                            uart0txbuf
     0000F7F6  G$WTEVTB$0$0                       uart0txbuf
     0000F7F6  _WTEVTB                            uart0txbuf
     0000FBFA  G$WTCNTB$0$0                       uart0txbuf
     0000FBFA  _WTCNTB                            uart0txbuf
     0000FC00  Fflashcal$flash_calsector$0$0      flashcal
     0000FC06  Fflashcal$flash_deviceid$0$0       flashcal
     0000FC06  Fflashlock$flash_deviceid$0$0      flashlock
     0000FC06  Fflashunlock$flash_deviceid$0$0    flashunlock
     0000FDFC  G$WTEVTC$0$0                       uart0txbuf
     0000FDFC  _WTEVTC                            uart0txbuf
     0000FFFE  G$WTEVTD$0$0                       uart0txbuf
     0000FFFE  _WTEVTD                            uart0txbuf
     00B5B6B7  G$RADIODATA$0$0                    uart0txbuf
     00B5B6B7  _RADIODATA                         uart0txbuf
ASxxxx Linker V03.00 + NoICE + sdld,  page 18.
Hexadecimal  [32-Bits]

Area                                    Addr        Size        Decimal Bytes (Attributes)
--------------------------------        ----        ----        ------- ----- ------------
BSEG_BYTES                          00000020    00000001 =           1. bytes (REL,CON)

      Value  Global                              Global Defined In Module
      -----  --------------------------------   ------------------------
ASxxxx Linker V03.00 + NoICE + sdld,  page 19.
Hexadecimal  [32-Bits]

Area                                    Addr        Size        Decimal Bytes (Attributes)
--------------------------------        ----        ----        ------- ----- ------------
REG_BANK_0                          00000000    00000008 =           8. bytes (REL,OVR)

      Value  Global                              Global Defined In Module
      -----  --------------------------------   ------------------------
ASxxxx Linker V03.00 + NoICE + sdld,  page 20.
Hexadecimal  [32-Bits]

Area                                    Addr        Size        Decimal Bytes (Attributes)
--------------------------------        ----        ----        ------- ----- ------------
DSEG                                00000000    00000074 =         116. bytes (REL,CON)

      Value  Global                              Global Defined In Module
      -----  --------------------------------   ------------------------
     0000000B  Fuart0init$uart0_fiforxwr$0$0      uart0init
     0000000C  Fuart0init$uart0_fiforxrd$0$0      uart0init
     0000000D  Fuart0init$uart0_fifotxwr$0$0      uart0init
     0000000E  Fuart0init$uart0_fifotxrd$0$0      uart0init
     0000000F  _bp                                _bp

ASxxxx Linker V03.00 + NoICE + sdld,  page 21.
Hexadecimal  [32-Bits]

Area                                    Addr        Size        Decimal Bytes (Attributes)
--------------------------------        ----        ----        ------- ----- ------------
OSEG                                00000010    00000004 =           4. bytes (REL,OVR)

      Value  Global                              Global Defined In Module
      -----  --------------------------------   ------------------------
     00000010  Luart0init.uart0_init$wl$1$115     uart0init
     00000010  __divslong_PARM_2                  _divulong
     00000010  __divulong_PARM_2                  _divulong
     00000010  __mulint_PARM_2                    _mulint
     00000010  _uart0_init_PARM_2                 uart0init
     00000011  Luart0init.uart0_init$stop$1$115   uart0init
     00000011  _uart0_init_PARM_3                 uart0init

ASxxxx Linker V03.00 + NoICE + sdld,  page 22.
Hexadecimal  [32-Bits]

Area                                    Addr        Size        Decimal Bytes (Attributes)
--------------------------------        ----        ----        ------- ----- ------------
SSEG                                00000021    000000DF =         223. bytes (REL,OVR)

      Value  Global                              Global Defined In Module
      -----  --------------------------------   ------------------------
     00000021  G$_start__stack$0$0                main
     00000021  __start__stack                     

ASxxxx Linker V03.00 + NoICE + sdld,  page 23.
Hexadecimal  [32-Bits]

Area                                    Addr        Size        Decimal Bytes (Attributes)
--------------------------------        ----        ----        ------- ----- ------------
HOME                                0000E400    00000037 =          55. bytes (REL,CON,CODE)

      Value  Global                              Global Defined In Module
      -----  --------------------------------   ------------------------
C:   0000E400  A$uart0init$1238                   uart0init
C:   0000E400  C$uart0init.c$135$1$75             uart0init
C:   0000E400  C$uart0init.c$139$1$75             uart0init
C:   0000E400  C$uart0init.c$158$1$78             uart0init
C:   0000E400  G$uart0_irq$0$0                    uart0init
C:   0000E400  XFuart0init$dummy0$0$0             uart0init
C:   0000E400  _uart0_irq                         uart0init
C:   0000E402  A$uart0init$1239                   uart0init
C:   0000E404  A$uart0init$1240                   uart0init
C:   0000E406  A$uart0init$1241                   uart0init
C:   0000E408  A$uart0init$1242                   uart0init
C:   0000E40A  A$uart0init$1243                   uart0init
C:   0000E40C  A$uart0init$1244                   uart0init
C:   0000E40F  A$uart0init$1245                   uart0init
C:   0000E412  A$uart0init$1246                   uart0init
C:   0000E415  A$uart0init$1247                   uart0init
C:   0000E417  A$uart0init$1248                   uart0init
C:   0000E419  A$uart0init$1249                   uart0init
C:   0000E41B  A$uart0init$1250                   uart0init
C:   0000E41D  A$uart0init$1251                   uart0init
C:   0000E41F  A$uart0init$1252                   uart0init
C:   0000E421  A$uart0init$1253                   uart0init
C:   0000E422  A$uart0init$1271                   uart0init
C:   0000E422  C$uart0init.c$159$1$78             uart0init
C:   0000E422  C$uart0init.c$161$1$78             uart0init
C:   0000E422  C$uart0init.c$186$1$80             uart0init
C:   0000E422  G$uart0_poll$0$0                   uart0init
C:   0000E422  XG$uart0_irq$0$0                   uart0init
C:   0000E422  _uart0_poll                        uart0init
C:   0000E424  A$uart0init$1272                   uart0init
C:   0000E426  A$uart0init$1273                   uart0init
C:   0000E427  A$uart0init$1274                   uart0init
C:   0000E429  A$uart0init$1275                   uart0init
C:   0000E42B  A$uart0init$1276                   uart0init
C:   0000E42E  A$uart0init$1277                   uart0init
C:   0000E430  A$uart0init$1278                   uart0init
C:   0000E431  A$uart0init$1279                   uart0init
C:   0000E432  A$uart0init$1280                   uart0init
C:   0000E434  A$uart0init$1281                   uart0init
C:   0000E436  A$uart0init$1282                   uart0init

ASxxxx Linker V03.00 + NoICE + sdld,  page 24.
Hexadecimal  [32-Bits]

Area                                    Addr        Size        Decimal Bytes (Attributes)
--------------------------------        ----        ----        ------- ----- ------------
GSINIT0                             0000E437    00000004 =           4. bytes (REL,CON,CODE)

      Value  Global                              Global Defined In Module
      -----  --------------------------------   ------------------------
C:   0000E438  __sdcc_gsinit_startup              

ASxxxx Linker V03.00 + NoICE + sdld,  page 25.
Hexadecimal  [32-Bits]

Area                                    Addr        Size        Decimal Bytes (Attributes)
--------------------------------        ----        ----        ------- ----- ------------
GSINIT2                             0000E43B    0000000A =          10. bytes (REL,CON,CODE)

      Value  Global                              Global Defined In Module
      -----  --------------------------------   ------------------------
ASxxxx Linker V03.00 + NoICE + sdld,  page 26.
Hexadecimal  [32-Bits]

Area                                    Addr        Size        Decimal Bytes (Attributes)
--------------------------------        ----        ----        ------- ----- ------------
GSFINAL                             0000E445    00000003 =           3. bytes (REL,CON,CODE)

      Value  Global                              Global Defined In Module
      -----  --------------------------------   ------------------------
ASxxxx Linker V03.00 + NoICE + sdld,  page 27.
Hexadecimal  [32-Bits]

Area                                    Addr        Size        Decimal Bytes (Attributes)
--------------------------------        ----        ----        ------- ----- ------------
CSEG                                0000E448    00001158 =        4440. bytes (REL,CON,CODE)

      Value  Global                              Global Defined In Module
      -----  --------------------------------   ------------------------
C:   0000EA0D  __sdcc_external_startup            main
C:   0000EA41  _bootloader                        main
C:   0000ED1F  A$uart0wrhex16$1184                uart0wrhex16
C:   0000ED1F  C$uart0wrhex16.c$295$1$74          uart0wrhex16
C:   0000ED1F  C$uart0wrhex16.c$56$0$0            uart0wrhex16
C:   0000ED1F  G$uart0_writehex16$0$0             uart0wrhex16
C:   0000ED1F  _uart0_writehex16                  uart0wrhex16
C:   0000ED21  A$uart0wrhex16$1185                uart0wrhex16
C:   0000ED23  A$uart0wrhex16$1186                uart0wrhex16
C:   0000ED24  A$uart0wrhex16$1187                uart0wrhex16
C:   0000ED25  A$uart0wrhex16$1188                uart0wrhex16
C:   0000ED26  A$uart0wrhex16$1189                uart0wrhex16
C:   0000ED28  A$uart0wrhex16$1190                uart0wrhex16
C:   0000ED2A  A$uart0wrhex16$1192                uart0wrhex16
C:   0000ED2B  A$uart0wrhex16$1193                uart0wrhex16
C:   0000ED2C  A$uart0wrhex16$1195                uart0wrhex16
C:   0000ED2E  A$uart0wrhex16$1199                uart0wrhex16
C:   0000ED30  A$uart0wrhex16$1206                uart0wrhex16
C:   0000ED33  A$uart0wrhex16$1207                uart0wrhex16
C:   0000ED35  A$uart0wrhex16$1208                uart0wrhex16
C:   0000ED38  A$uart0wrhex16$1209                uart0wrhex16
C:   0000ED39  A$uart0wrhex16$1210                uart0wrhex16
C:   0000ED3A  A$uart0wrhex16$1211                uart0wrhex16
C:   0000ED3C  A$uart0wrhex16$1212                uart0wrhex16
C:   0000ED3E  A$uart0wrhex16$1213                uart0wrhex16
C:   0000ED3F  A$uart0wrhex16$1214                uart0wrhex16
C:   0000ED41  A$uart0wrhex16$1215                uart0wrhex16
C:   0000ED43  A$uart0wrhex16$1216                uart0wrhex16
C:   0000ED45  A$uart0wrhex16$1217                uart0wrhex16
C:   0000ED47  A$uart0wrhex16$1219                uart0wrhex16
C:   0000ED4A  A$uart0wrhex16$1220                uart0wrhex16
C:   0000ED4D  A$uart0wrhex16$1221                uart0wrhex16
C:   0000ED4F  A$uart0wrhex16$1222                uart0wrhex16
C:   0000ED51  A$uart0wrhex16$1223                uart0wrhex16
C:   0000ED53  A$uart0wrhex16$1225                uart0wrhex16
C:   0000ED55  A$uart0wrhex16$1229                uart0wrhex16
C:   0000ED56  A$uart0wrhex16$1230                uart0wrhex16
C:   0000ED58  A$uart0wrhex16$1231                uart0wrhex16
C:   0000ED59  A$uart0wrhex16$1232                uart0wrhex16
C:   0000ED5B  A$uart0wrhex16$1233                uart0wrhex16
C:   0000ED5C  A$uart0wrhex16$1234                uart0wrhex16
C:   0000ED5D  A$uart0wrhex16$1240                uart0wrhex16
C:   0000ED60  A$uart0wrhex16$1241                uart0wrhex16
C:   0000ED61  A$uart0wrhex16$1242                uart0wrhex16
C:   0000ED63  A$uart0wrhex16$1243                uart0wrhex16
C:   0000ED65  A$uart0wrhex16$1244                uart0wrhex16
C:   0000ED66  A$uart0wrhex16$1249                uart0wrhex16
C:   0000ED67  A$uart0wrhex16$1250                uart0wrhex16
C:   0000ED68  A$uart0wrhex16$1251                uart0wrhex16
C:   0000ED69  A$uart0wrhex16$1252                uart0wrhex16
ASxxxx Linker V03.00 + NoICE + sdld,  page 28.
Hexadecimal  [32-Bits]

Area                                    Addr        Size        Decimal Bytes (Attributes)
--------------------------------        ----        ----        ------- ----- ------------
CSEG                                0000E448    00001158 =        4440. bytes (REL,CON,CODE)

      Value  Global                              Global Defined In Module
      -----  --------------------------------   ------------------------
C:   0000ED6B  A$uart0wrhex16$1253                uart0wrhex16
C:   0000ED6C  A$uart0wrhex16$1254                uart0wrhex16
C:   0000ED6D  A$uart0wrhex16$1259                uart0wrhex16
C:   0000ED6E  A$uart0wrhex16$1260                uart0wrhex16
C:   0000ED6F  A$uart0wrhex16$1261                uart0wrhex16
C:   0000ED70  A$uart0wrhex16$1262                uart0wrhex16
C:   0000ED71  A$uart0wrhex16$1263                uart0wrhex16
C:   0000ED73  A$uart0wrhex16$1264                uart0wrhex16
C:   0000ED75  A$uart0wrhex16$1265                uart0wrhex16
C:   0000ED77  A$uart0wrhex16$1267                uart0wrhex16
C:   0000ED78  A$uart0wrhex16$1268                uart0wrhex16
C:   0000ED7A  A$uart0wrhex16$1269                uart0wrhex16
C:   0000ED7C  A$uart0wrhex16$1270                uart0wrhex16
C:   0000ED7E  A$uart0wrhex16$1272                uart0wrhex16
C:   0000ED7F  A$uart0wrhex16$1274                uart0wrhex16
C:   0000ED81  A$uart0wrhex16$1275                uart0wrhex16
C:   0000ED82  A$uart0wrhex16$1278                uart0wrhex16
C:   0000ED84  A$uart0wrhex16$1285                uart0wrhex16
C:   0000ED86  A$uart0wrhex16$1286                uart0wrhex16
C:   0000ED88  A$uart0wrhex16$1287                uart0wrhex16
C:   0000ED8A  A$uart0wrhex16$1288                uart0wrhex16
C:   0000ED8C  A$uart0wrhex16$1290                uart0wrhex16
C:   0000ED8E  A$uart0wrhex16$1291                uart0wrhex16
C:   0000ED91  A$uart0wrhex16$1292                uart0wrhex16
C:   0000ED93  A$uart0wrhex16$1294                uart0wrhex16
C:   0000ED94  A$uart0wrhex16$1297                uart0wrhex16
C:   0000ED96  A$uart0wrhex16$1298                uart0wrhex16
C:   0000ED97  A$uart0wrhex16$1299                uart0wrhex16
C:   0000ED98  A$uart0wrhex16$1300                uart0wrhex16
C:   0000ED9A  A$uart0wrhex16$1301                uart0wrhex16
C:   0000ED9D  A$uart0wrhex16$1304                uart0wrhex16
C:   0000ED9E  A$uart0wrhex16$1305                uart0wrhex16
C:   0000ED9F  A$uart0wrhex16$1306                uart0wrhex16
C:   0000EDA0  A$uart0wrhex16$1307                uart0wrhex16
C:   0000EDA2  A$uart0wrhex16$1309                uart0wrhex16
C:   0000EDA5  A$uart0wrhex16$1311                uart0wrhex16
C:   0000EDA8  A$uart0wrhex16$1313                uart0wrhex16
C:   0000EDA9  A$uart0wrhex16$1314                uart0wrhex16
C:   0000EDAA  A$uart0wrhex16$1316                uart0wrhex16
C:   0000EDAC  A$uart0wrhex16$1320                uart0wrhex16
C:   0000EDAE  A$uart0wrhex16$1321                uart0wrhex16
C:   0000EDB0  A$uart0wrhex16$1322                uart0wrhex16
C:   0000EDB2  A$uart0wrhex16$1323                uart0wrhex16
C:   0000EDB5  A$uart0wrhex16$1324                uart0wrhex16
C:   0000EDB8  A$uart0wrhex16$1325                uart0wrhex16
C:   0000EDBA  A$uart0wrhex16$1326                uart0wrhex16
C:   0000EDBC  A$uart0wrhex16$1327                uart0wrhex16
C:   0000EDBE  A$uart0wrhex16$1329                uart0wrhex16
C:   0000EDC1  A$uart0wrhex16$1330                uart0wrhex16
C:   0000EDC2  A$uart0wrhex16$1331                uart0wrhex16
C:   0000EDC4  A$uart0wrhex16$1332                uart0wrhex16
ASxxxx Linker V03.00 + NoICE + sdld,  page 29.
Hexadecimal  [32-Bits]

Area                                    Addr        Size        Decimal Bytes (Attributes)
--------------------------------        ----        ----        ------- ----- ------------
CSEG                                0000E448    00001158 =        4440. bytes (REL,CON,CODE)

      Value  Global                              Global Defined In Module
      -----  --------------------------------   ------------------------
C:   0000EDC6  A$uart0wrhex16$1334                uart0wrhex16
C:   0000EDC8  A$uart0wrhex16$1335                uart0wrhex16
C:   0000EDCA  A$uart0wrhex16$1336                uart0wrhex16
C:   0000EDCC  A$uart0wrhex16$1337                uart0wrhex16
C:   0000EDCF  A$uart0wrhex16$1338                uart0wrhex16
C:   0000EDD2  A$uart0wrhex16$1339                uart0wrhex16
C:   0000EDD4  A$uart0wrhex16$1340                uart0wrhex16
C:   0000EDD6  A$uart0wrhex16$1341                uart0wrhex16
C:   0000EDD8  A$uart0wrhex16$1343                uart0wrhex16
C:   0000EDD9  A$uart0wrhex16$1351                uart0wrhex16
C:   0000EDDB  A$uart0wrhex16$1353                uart0wrhex16
C:   0000EDDD  A$uart0wrhex16$1354                uart0wrhex16
C:   0000EDDE  A$uart0wrhex16$1357                uart0wrhex16
C:   0000EDE1  A$uart0wrhex16$1359                uart0wrhex16
C:   0000EDE4  A$uart0wrhex16$1361                uart0wrhex16
C:   0000EDE5  A$uart0wrhex16$1362                uart0wrhex16
C:   0000EDE6  A$uart0wrhex16$1365                uart0wrhex16
C:   0000EDE8  A$uart0wrhex16$1366                uart0wrhex16
C:   0000EDEA  A$uart0wrhex16$1368                uart0wrhex16
C:   0000EDEB  A$uart0wrhex16$1369                uart0wrhex16
C:   0000EDED  A$uart0wrhex16$1371                uart0wrhex16
C:   0000EDEF  A$uart0wrhex16$1372                uart0wrhex16
C:   0000EDF1  A$uart0wrhex16$1373                uart0wrhex16
C:   0000EDF3  A$uart0wrhex16$1374                uart0wrhex16
C:   0000EDF5  A$uart0wrhex16$1375                uart0wrhex16
C:   0000EDF8  A$uart0wrhex16$1376                uart0wrhex16
C:   0000EDFA  A$uart0wrhex16$1377                uart0wrhex16
C:   0000EDFC  A$uart0wrhex16$1378                uart0wrhex16
C:   0000EDFE  A$uart0wrhex16$1380                uart0wrhex16
C:   0000EDFF  A$uart0wrhex16$1385                uart0wrhex16
C:   0000EE01  A$uart0wrhex16$1386                uart0wrhex16
C:   0000EE03  A$uart0wrhex16$1387                uart0wrhex16
C:   0000EE05  A$uart0wrhex16$1388                uart0wrhex16
C:   0000EE06  A$uart0wrhex16$1389                uart0wrhex16
C:   0000EE08  A$uart0wrhex16$1390                uart0wrhex16
C:   0000EE0A  A$uart0wrhex16$1391                uart0wrhex16
C:   0000EE0D  A$uart0wrhex16$1392                uart0wrhex16
C:   0000EE0F  A$uart0wrhex16$1393                uart0wrhex16
C:   0000EE11  A$uart0wrhex16$1394                uart0wrhex16
C:   0000EE13  A$uart0wrhex16$1396                uart0wrhex16
C:   0000EE16  A$uart0wrhex16$1397                uart0wrhex16
C:   0000EE17  A$uart0wrhex16$1398                uart0wrhex16
C:   0000EE19  A$uart0wrhex16$1399                uart0wrhex16
C:   0000EE1B  A$uart0wrhex16$1401                uart0wrhex16
C:   0000EE1D  A$uart0wrhex16$1402                uart0wrhex16
C:   0000EE1F  A$uart0wrhex16$1403                uart0wrhex16
C:   0000EE21  A$uart0wrhex16$1404                uart0wrhex16
C:   0000EE24  A$uart0wrhex16$1405                uart0wrhex16
C:   0000EE27  A$uart0wrhex16$1406                uart0wrhex16
C:   0000EE29  A$uart0wrhex16$1407                uart0wrhex16
C:   0000EE2B  A$uart0wrhex16$1408                uart0wrhex16
ASxxxx Linker V03.00 + NoICE + sdld,  page 30.
Hexadecimal  [32-Bits]

Area                                    Addr        Size        Decimal Bytes (Attributes)
--------------------------------        ----        ----        ------- ----- ------------
CSEG                                0000E448    00001158 =        4440. bytes (REL,CON,CODE)

      Value  Global                              Global Defined In Module
      -----  --------------------------------   ------------------------
C:   0000EE2D  A$uart0wrhex16$1410                uart0wrhex16
C:   0000EE2E  A$uart0wrhex16$1412                uart0wrhex16
C:   0000EE30  A$uarttimer0$1181                  uarttimer0
C:   0000EE30  C$uart0wrhex16.c$296$1$74          uart0wrhex16
C:   0000EE30  C$uarttimer0.c$178$0$0             uarttimer0
C:   0000EE30  G$uart_timer0_baud$0$0             uarttimer0
C:   0000EE30  XG$uart0_writehex16$0$0            uart0wrhex16
C:   0000EE30  _uart_timer0_baud                  uarttimer0
C:   0000EE32  A$uarttimer0$1182                  uarttimer0
C:   0000EE35  A$uarttimer0$1183                  uarttimer0
C:   0000EE37  A$uarttimer0$1186                  uarttimer0
C:   0000EE37  C$uarttimer0.c$180$1$0             uarttimer0
C:   0000EE39  A$uarttimer0$1190                  uarttimer0
C:   0000EE39  C$uarttimer0.c$181$1$42            uarttimer0
C:   0000EE3A  A$uarttimer0$1191                  uarttimer0
C:   0000EE3C  A$uarttimer0$1192                  uarttimer0
C:   0000EE3F  A$uarttimer0$1196                  uarttimer0
C:   0000EE3F  C$uarttimer0.c$182$2$42            uarttimer0
C:   0000EE41  A$uarttimer0$1197                  uarttimer0
C:   0000EE43  A$uarttimer0$1198                  uarttimer0
C:   0000EE44  A$uarttimer0$1199                  uarttimer0
C:   0000EE45  A$uarttimer0$1200                  uarttimer0
C:   0000EE46  A$uarttimer0$1201                  uarttimer0
C:   0000EE47  A$uarttimer0$1204                  uarttimer0
C:   0000EE47  C$uarttimer0.c$183$2$43            uarttimer0
C:   0000EE48  A$uarttimer0$1205                  uarttimer0
C:   0000EE49  A$uarttimer0$1206                  uarttimer0
C:   0000EE4B  A$uarttimer0$1207                  uarttimer0
C:   0000EE4E  A$uarttimer0$1209                  uarttimer0
C:   0000EE50  A$uarttimer0$1212                  uarttimer0
C:   0000EE50  C$uarttimer0.c$184$3$44            uarttimer0
C:   0000EE52  A$uarttimer0$1213                  uarttimer0
C:   0000EE54  A$uarttimer0$1214                  uarttimer0
C:   0000EE55  A$uarttimer0$1215                  uarttimer0
C:   0000EE56  A$uarttimer0$1216                  uarttimer0
C:   0000EE57  A$uarttimer0$1217                  uarttimer0
C:   0000EE58  A$uarttimer0$1218                  uarttimer0
C:   0000EE59  A$uarttimer0$1219                  uarttimer0
C:   0000EE5A  A$uarttimer0$1220                  uarttimer0
C:   0000EE5B  A$uarttimer0$1221                  uarttimer0
C:   0000EE5C  A$uarttimer0$1222                  uarttimer0
C:   0000EE5D  A$uarttimer0$1223                  uarttimer0
C:   0000EE5E  A$uarttimer0$1224                  uarttimer0
[...]
C:   0000FABA  A$uart0init$1401                   uart0init
C:   0000FABC  A$uart0init$1402                   uart0init
C:   0000FABE  A$uart0init$1403                   uart0init
C:   0000FAC0  A$uart0init$1405                   uart0init
C:   0000FAC2  A$uart0init$1406                   uart0init
C:   0000FAC5  A$uart0init$1408                   uart0init
C:   0000FAC6  A$uart0init$1428                   uart0init
C:   0000FAC6  C$uart0init.c$273$1$84             uart0init
C:   0000FAC6  C$uart0init.c$275$1$84             uart0init
C:   0000FAC6  C$uart0init.c$294$1$86             uart0init
C:   0000FAC6  G$uart0_txadvance$0$0              uart0init
C:   0000FAC6  XG$uart0_rxadvance$0$0             uart0init
C:   0000FAC6  _uart0_txadvance                   uart0init
C:   0000FAC8  A$uart0init$1429                   uart0init
C:   0000FAC9  A$uart0init$1431                   uart0init
C:   0000FACB  A$uart0init$1432                   uart0init
C:   0000FACD  A$uart0init$1433                   uart0init
C:   0000FACF  A$uart0init$1434                   uart0init
C:   0000FAD1  A$uart0init$1435                   uart0init
C:   0000FAD3  A$uart0init$1436                   uart0init
C:   0000FAD5  A$uart0init$1438                   uart0init
C:   0000FAD7  A$uart0init$1439                   uart0init
C:   0000FAD9  A$uart0init$1440                   uart0init
C:   0000FADB  A$uart0init$1441                   uart0init
C:   0000FADD  A$uart0init$1443                   uart0init
C:   0000FADF  A$uart0init$1444                   uart0init
C:   0000FAE2  A$uart0init$1446                   uart0init
C:   0000FAE3  A$uart0init$1466                   uart0init
C:   0000FAE3  C$uart0init.c$295$1$86             uart0init
C:   0000FAE3  C$uart0init.c$297$1$86             uart0init
C:   0000FAE3  C$uart0init.c$319$1$88             uart0init
C:   0000FAE3  G$uart0_rxbufptr$0$0               uart0init
C:   0000FAE3  XG$uart0_txadvance$0$0             uart0init
C:   0000FAE3  _uart0_rxbufptr                    uart0init
ASxxxx Linker V03.00 + NoICE + sdld,  page 59.
Hexadecimal  [32-Bits]

Area                                    Addr        Size        Decimal Bytes (Attributes)
--------------------------------        ----        ----        ------- ----- ------------
UART0S0                             0000FA4A    000000DD =         221. bytes (REL,CON,CODE)

      Value  Global                              Global Defined In Module
      -----  --------------------------------   ------------------------
C:   0000FAE5  A$uart0init$1467                   uart0init
C:   0000FAE6  A$uart0init$1469                   uart0init
C:   0000FAE8  A$uart0init$1470                   uart0init
C:   0000FAEA  A$uart0init$1471                   uart0init
C:   0000FAEC  A$uart0init$1472                   uart0init
C:   0000FAEE  A$uart0init$1473                   uart0init
C:   0000FAF0  A$uart0init$1475                   uart0init
C:   0000FAF2  A$uart0init$1476                   uart0init
C:   0000FAF4  A$uart0init$1477                   uart0init
C:   0000FAF6  A$uart0init$1478                   uart0init
C:   0000FAF8  A$uart0init$1480                   uart0init
C:   0000FAFB  A$uart0init$1481                   uart0init
C:   0000FAFD  A$uart0init$1482                   uart0init
C:   0000FAFF  A$uart0init$1483                   uart0init
C:   0000FB00  A$uart0init$1484                   uart0init
C:   0000FB02  A$uart0init$1485                   uart0init
C:   0000FB04  A$uart0init$1486                   uart0init
C:   0000FB05  A$uart0init$1506                   uart0init
C:   0000FB05  C$uart0init.c$320$1$88             uart0init
C:   0000FB05  C$uart0init.c$322$1$88             uart0init
C:   0000FB05  C$uart0init.c$347$1$90             uart0init
C:   0000FB05  G$uart0_txbufptr$0$0               uart0init
C:   0000FB05  XG$uart0_rxbufptr$0$0              uart0init
C:   0000FB05  _uart0_txbufptr                    uart0init
C:   0000FB07  A$uart0init$1507                   uart0init
C:   0000FB08  A$uart0init$1509                   uart0init
C:   0000FB0A  A$uart0init$1510                   uart0init
C:   0000FB0C  A$uart0init$1511                   uart0init
C:   0000FB0E  A$uart0init$1512                   uart0init
C:   0000FB10  A$uart0init$1513                   uart0init
C:   0000FB12  A$uart0init$1515                   uart0init
C:   0000FB14  A$uart0init$1516                   uart0init
C:   0000FB16  A$uart0init$1517                   uart0init
C:   0000FB18  A$uart0init$1518                   uart0init
C:   0000FB1A  A$uart0init$1520                   uart0init
C:   0000FB1D  A$uart0init$1521                   uart0init
C:   0000FB1F  A$uart0init$1522                   uart0init
C:   0000FB21  A$uart0init$1523                   uart0init
C:   0000FB22  A$uart0init$1524                   uart0init
C:   0000FB24  A$uart0init$1525                   uart0init
C:   0000FB26  A$uart0init$1526                   uart0init

ASxxxx Linker V03.00 + NoICE + sdld,  page 60.
Hexadecimal  [32-Bits]

Area                                    Addr        Size        Decimal Bytes (Attributes)
--------------------------------        ----        ----        ------- ----- ------------
UART0S1                             0000FB27    00000002 =           2. bytes (REL,CON,CODE)

      Value  Global                              Global Defined In Module
      -----  --------------------------------   ------------------------
ASxxxx Linker V03.00 + NoICE + sdld,  page 61.
Hexadecimal  [32-Bits]

Area                                    Addr        Size        Decimal Bytes (Attributes)
--------------------------------        ----        ----        ------- ----- ------------
UART0S2                             0000FB29    00000002 =           2. bytes (REL,CON,CODE)

      Value  Global                              Global Defined In Module
      -----  --------------------------------   ------------------------
ASxxxx Linker V03.00 + NoICE + sdld,  page 62.
Hexadecimal  [32-Bits]

Area                                    Addr        Size        Decimal Bytes (Attributes)
--------------------------------        ----        ----        ------- ----- ------------
UART0S3                             0000FB2B    00000054 =          84. bytes (REL,CON,CODE)

      Value  Global                              Global Defined In Module
      -----  --------------------------------   ------------------------
C:   0000FB2B  A$uart0init$1546                   uart0init
C:   0000FB2B  C$uart0init.c$348$1$90             uart0init
C:   0000FB2B  C$uart0init.c$350$1$90             uart0init
C:   0000FB2B  C$uart0init.c$365$1$92             uart0init
C:   0000FB2B  G$uart0_txfreelinear$0$0           uart0init
C:   0000FB2B  XG$uart0_txbufptr$0$0              uart0init
C:   0000FB2B  _uart0_txfreelinear                uart0init
C:   0000FB2D  A$uart0init$1547                   uart0init
C:   0000FB2E  A$uart0init$1548                   uart0init
C:   0000FB30  A$uart0init$1549                   uart0init
C:   0000FB32  A$uart0init$1550                   uart0init
C:   0000FB34  A$uart0init$1551                   uart0init
C:   0000FB36  A$uart0init$1552                   uart0init
C:   0000FB37  A$uart0init$1553                   uart0init
C:   0000FB39  A$uart0init$1554                   uart0init
C:   0000FB3A  A$uart0init$1556                   uart0init
C:   0000FB3C  A$uart0init$1558                   uart0init
C:   0000FB3E  A$uart0init$1559                   uart0init
C:   0000FB3F  A$uart0init$1577                   uart0init
C:   0000FB3F  C$uart0init.c$366$1$92             uart0init
C:   0000FB3F  C$uart0init.c$368$1$92             uart0init
C:   0000FB3F  C$uart0init.c$381$1$94             uart0init
C:   0000FB3F  G$uart0_txfree$0$0                 uart0init
C:   0000FB3F  XG$uart0_txfreelinear$0$0          uart0init
C:   0000FB3F  _uart0_txfree                      uart0init
C:   0000FB41  A$uart0init$1578                   uart0init
C:   0000FB42  A$uart0init$1579                   uart0init
C:   0000FB44  A$uart0init$1580                   uart0init
C:   0000FB46  A$uart0init$1581                   uart0init
C:   0000FB48  A$uart0init$1582                   uart0init
C:   0000FB4A  A$uart0init$1583                   uart0init
C:   0000FB4B  A$uart0init$1585                   uart0init
C:   0000FB4D  A$uart0init$1586                   uart0init
C:   0000FB4F  A$uart0init$1588                   uart0init
C:   0000FB50  A$uart0init$1606                   uart0init
C:   0000FB50  C$uart0init.c$382$1$94             uart0init
C:   0000FB50  C$uart0init.c$384$1$94             uart0init
C:   0000FB50  C$uart0init.c$397$1$96             uart0init
C:   0000FB50  G$uart0_rxcountlinear$0$0          uart0init
C:   0000FB50  XG$uart0_txfree$0$0                uart0init
C:   0000FB50  _uart0_rxcountlinear               uart0init
C:   0000FB52  A$uart0init$1607                   uart0init
C:   0000FB53  A$uart0init$1608                   uart0init
C:   0000FB55  A$uart0init$1609                   uart0init
C:   0000FB57  A$uart0init$1610                   uart0init
C:   0000FB59  A$uart0init$1611                   uart0init
C:   0000FB5A  A$uart0init$1613                   uart0init
C:   0000FB5B  A$uart0init$1614                   uart0init
C:   0000FB5D  A$uart0init$1616                   uart0init
C:   0000FB5F  A$uart0init$1617                   uart0init
ASxxxx Linker V03.00 + NoICE + sdld,  page 63.
Hexadecimal  [32-Bits]

Area                                    Addr        Size        Decimal Bytes (Attributes)
--------------------------------        ----        ----        ------- ----- ------------
UART0S3                             0000FB2B    00000054 =          84. bytes (REL,CON,CODE)

      Value  Global                              Global Defined In Module
      -----  --------------------------------   ------------------------
C:   0000FB60  A$uart0init$1635                   uart0init
C:   0000FB60  C$uart0init.c$398$1$96             uart0init
C:   0000FB60  C$uart0init.c$400$1$96             uart0init
C:   0000FB60  C$uart0init.c$413$1$98             uart0init
C:   0000FB60  G$uart0_rxcount$0$0                uart0init
C:   0000FB60  XG$uart0_rxcountlinear$0$0         uart0init
C:   0000FB60  _uart0_rxcount                     uart0init
C:   0000FB62  A$uart0init$1636                   uart0init
C:   0000FB63  A$uart0init$1637                   uart0init
C:   0000FB65  A$uart0init$1638                   uart0init
C:   0000FB67  A$uart0init$1639                   uart0init
C:   0000FB69  A$uart0init$1640                   uart0init
C:   0000FB6B  A$uart0init$1641                   uart0init
C:   0000FB6C  A$uart0init$1643                   uart0init
C:   0000FB6E  A$uart0init$1644                   uart0init
C:   0000FB70  A$uart0init$1646                   uart0init
C:   0000FB71  A$uart0init$1664                   uart0init
C:   0000FB71  C$uart0init.c$414$1$98             uart0init
C:   0000FB71  C$uart0init.c$416$1$98             uart0init
C:   0000FB71  C$uart0init.c$424$1$100            uart0init
C:   0000FB71  G$uart0_txbuffersize$0$0           uart0init
C:   0000FB71  XG$uart0_rxcount$0$0               uart0init
C:   0000FB71  _uart0_txbuffersize                uart0init
C:   0000FB73  A$uart0init$1665                   uart0init
C:   0000FB74  A$uart0init$1667                   uart0init
C:   0000FB75  A$uart0init$1668                   uart0init
C:   0000FB77  A$uart0init$1669                   uart0init
C:   0000FB78  A$uart0init$1687                   uart0init
C:   0000FB78  C$uart0init.c$425$1$100            uart0init
C:   0000FB78  C$uart0init.c$427$1$100            uart0init
C:   0000FB78  C$uart0init.c$438$1$102            uart0init
C:   0000FB78  G$uart0_rxbuffersize$0$0           uart0init
C:   0000FB78  XG$uart0_txbuffersize$0$0          uart0init
C:   0000FB78  _uart0_rxbuffersize                uart0init
C:   0000FB7A  A$uart0init$1688                   uart0init
C:   0000FB7B  A$uart0init$1690                   uart0init
C:   0000FB7C  A$uart0init$1691                   uart0init
C:   0000FB7E  A$uart0init$1692                   uart0init

ASxxxx Linker V03.00 + NoICE + sdld,  page 64.
Hexadecimal  [32-Bits]

Area                                    Addr        Size        Decimal Bytes (Attributes)
--------------------------------        ----        ----        ------- ----- ------------
UART0S4                             0000FB7F    00000001 =           1. bytes (REL,CON,CODE)

      Value  Global                              Global Defined In Module
      -----  --------------------------------   ------------------------
ASxxxx Linker V03.00 + NoICE + sdld,  page 65.
Hexadecimal  [32-Bits]

Area                                    Addr        Size        Decimal Bytes (Attributes)
--------------------------------        ----        ----        ------- ----- ------------
UART0S5                             0000FB80    00000001 =           1. bytes (REL,CON,CODE)

      Value  Global                              Global Defined In Module
      -----  --------------------------------   ------------------------
ASxxxx Linker V03.00 + NoICE + sdld,  page 66.
Hexadecimal  [32-Bits]

Area                                    Addr        Size        Decimal Bytes (Attributes)
--------------------------------        ----        ----        ------- ----- ------------
WTCANSLP1                           0000FB81    00000008 =           8. bytes (REL,CON,CODE)

      Value  Global                              Global Defined In Module
      -----  --------------------------------   ------------------------
C:   0000FB81  A$uart0init$1865                   uart0init
C:   0000FB84  A$uart0init$1866                   uart0init
C:   0000FB86  A$uart0init$1867                   uart0init
C:   0000FB88  A$uart0init$1868                   uart0init

ASxxxx Linker V03.00 + NoICE + sdld,  page 67.
Hexadecimal  [32-Bits]

Area                                    Addr        Size        Decimal Bytes (Attributes)
--------------------------------        ----        ----        ------- ----- ------------
WTSTDBY0                            0000FB89    00000000 =           0. bytes (REL,CON,CODE)

      Value  Global                              Global Defined In Module
      -----  --------------------------------   ------------------------
C:   0000FB89  C$wtstdby.c$41$0$0                 wtstdby
C:   0000FB89  C$wtstdby.c$55$1$39                wtstdby
C:   0000FB89  G$wtimer_standby$0$0               wtstdby
C:   0000FB89  _wtimer_standby                    wtstdby

ASxxxx Linker V03.00 + NoICE + sdld,  page 68.
Hexadecimal  [32-Bits]

Area                                    Addr        Size        Decimal Bytes (Attributes)
--------------------------------        ----        ----        ------- ----- ------------
WTSTDBY2                            0000FB89    0000000A =          10. bytes (REL,CON,CODE)

      Value  Global                              Global Defined In Module
      -----  --------------------------------   ------------------------
C:   0000FB89  A$wtstdby$1182                     wtstdby
C:   0000FB8B  A$wtstdby$1183                     wtstdby
C:   0000FB8D  A$wtstdby$1184                     wtstdby
C:   0000FB8F  A$wtstdby$1185                     wtstdby
C:   0000FB91  A$wtstdby$1186                     wtstdby
C:   0000FB92  A$wtstdby$1189                     wtstdby
C:   0000FB92  C$wtstdby.c$56$1$39                wtstdby
C:   0000FB92  XG$wtimer_standby$0$0              wtstdby

ASxxxx Linker V03.00 + NoICE + sdld,  page 69.
Hexadecimal  [32-Bits]

Area                                    Addr        Size        Decimal Bytes (Attributes)
--------------------------------        ----        ----        ------- ----- ------------
VECTOR                              00000000    00000003 =           3. bytes (REL,CON,CODE)

      Value  Global                              Global Defined In Module
      -----  --------------------------------   ------------------------
C:   00000000  __interrupt_vect                   

ASxxxx Linker V03.00 + NoICE + sdld,  page 70.
Hexadecimal  [32-Bits]

Area                                    Addr        Size        Decimal Bytes (Attributes)
--------------------------------        ----        ----        ------- ----- ------------
XSEG                                00000001    00000188 =         392. bytes (REL,CON,XDATA)

      Value  Global                              Global Defined In Module
      -----  --------------------------------   ------------------------
D:   00000001  _orig_jmp_vector                   main
D:   00000004  _orig_jmp_vector_mask              main
D:   00000005  _line_buffer                       main
D:   00000109  _uart0_rxbuffer                    uart0rxbuf
D:   00000149  _uart0_txbuffer                    uart0txbuf

ASxxxx Linker V03.00 + NoICE + sdld,  page 71.

Files Linked                              [ module(s) ]

obj\Release\crtstart.rel                  [  ]
obj\Release\main.rel                      [  ]


Libraries Linked                          [ object file ]

C:\Program Files (x86)\ON Semiconductor\AXSDB\libmf\sdcc/libmf.lib
                                          [ uart0wrhex16 ]
C:\Program Files (x86)\ON Semiconductor\AXSDB\libmf\sdcc/libmf.lib
                                          [ uarttimer0 ]
C:\Program Files (x86)\ON Semiconductor\AXSDB\libmf\sdcc/libmf.lib
                                          [ uart0wrnum16 ]
C:\Program Files (x86)\ON Semiconductor\AXSDB\libmf\sdcc/libmf.lib
                                          [ uart0tx ]
C:\Program Files (x86)\ON Semiconductor\AXSDB\libmf\sdcc/libmf.lib
                                          [ standby ]
C:\Program Files (x86)\ON Semiconductor\AXSDB\libmf\sdcc/libmf.lib
                                          [ uart0rx ]
C:\Program Files (x86)\ON Semiconductor\AXSDB\libmf\sdcc/libmf.lib
                                          [ crc16ansib ]
C:\Program Files\SDCC\bin\..\lib\small/libint.lib
                                          [ _mulint.rel ]
C:\Program Files (x86)\ON Semiconductor\AXSDB\libmf\sdcc/libmf.lib
                                          [ flashunlock ]
C:\Program Files (x86)\ON Semiconductor\AXSDB\libmf\sdcc/libmf.lib
                                          [ uart0init ]
C:\Program Files (x86)\ON Semiconductor\AXSDB\libmf\sdcc/libmf.lib
                                          [ flashcal ]
C:\Program Files (x86)\ON Semiconductor\AXSDB\libmf\sdcc/libmf.lib
                                          [ crc8ccittmsbtable ]
C:\Program Files\SDCC\bin\..\lib\small/liblong.lib
                                          [ _divulong.rel ]
C:\Program Files (x86)\ON Semiconductor\AXSDB\libmf\sdcc/libmf.lib
                                          [ uart0wrstr ]
C:\Program Files (x86)\ON Semiconductor\AXSDB\libmf\sdcc/libmf.lib
                                          [ wrnum16 ]
C:\Program Files\SDCC\bin\..\lib\small/libsdcc.lib
                                          [ _bp.rel ]
C:\Program Files (x86)\ON Semiconductor\AXSDB\libmf\sdcc/libmf.lib
                                          [ flashlock ]
C:\Program Files (x86)\ON Semiconductor\AXSDB\libmf\sdcc/libmf.lib
                                          [ crc16table ]
C:\Program Files (x86)\ON Semiconductor\AXSDB\libmf\sdcc/libmf.lib
                                          [ wtstdby ]
C:\Program Files (x86)\ON Semiconductor\AXSDB\libmf\sdcc/libmf.lib
                                          [ uart0rxbuf ]
C:\Program Files (x86)\ON Semiconductor\AXSDB\libmf\sdcc/libmf.lib
                                          [ uart0txbuf ]

ASxxxx Linker V03.00 + NoICE + sdld,  page 72.

User Base Address Definitions

HOME = 0x0000
XSEG = 0x0001
PSEG = 0x0001
ISEG = 0x0000
BSEG = 0x0000
VECTOR=0x0000
HOME=0xe400

